// Jest Snapshot v1, https://goo.gl/fbAQLP

exports[`App renders correctly 1`] = `
<div>
  <h3>
    Привет!
  </h3>
  <p>
    Эта программа рисует псевдографику, читая инструкции из файла /data/input.txt. Если вы сделали "npm i", а затем "npm run dev", вы уже видите это произведение искусства. Сами вы тоже можете рисовать с помощью подобных инструкций, написав их в "input.txt". "npm run dev" запускает 2 сервера (express на backend, а второй на клиенте). Нажатие на кнопку сохранит ваш рисунок в /data/output.txt
  </p>
  <button
    disabled={true}
    onClick={[Function]}
  >
    Save the painting
  </button>
  <textarea
    disabled="disabled"
    style={
      Object {
        "color": "green",
        "height": "75vh",
        "width": "100%",
      }
    }
    value=""
  />
</div>
`;
